Analysis & Synthesis report for Greedy_Snake
Thu Jun 18 00:44:36 2020
Quartus II Version 9.1 Build 222 10/21/2009 SJ Web Edition


---------------------
; Table of Contents ;
---------------------
  1. Legal Notice
  2. Analysis & Synthesis Summary
  3. Analysis & Synthesis Settings
  4. Parallel Compilation
  5. Analysis & Synthesis Source Files Read
  6. Analysis & Synthesis Resource Usage Summary
  7. Analysis & Synthesis Resource Utilization by Entity
  8. State Machine - |Greedy_Snake|Snake:snake_main|direct_r
  9. User-Specified and Inferred Latches
 10. Registers Removed During Synthesis
 11. Removed Registers Triggering Further Register Optimizations
 12. General Register Statistics
 13. Multiplexer Restructuring Statistics (Restructuring Performed)
 14. Port Connectivity Checks: "Snake:snake_main"
 15. Port Connectivity Checks: "Ctrl_unit:ctrl_unit"
 16. Analysis & Synthesis Messages
 17. Analysis & Synthesis Suppressed Messages



----------------
; Legal Notice ;
----------------
Copyright (C) 1991-2009 Altera Corporation
Your use of Altera Corporation's design tools, logic functions 
and other software and tools, and its AMPP partner logic 
functions, and any output files from any of the foregoing 
(including device programming or simulation files), and any 
associated documentation or information are expressly subject 
to the terms and conditions of the Altera Program License 
Subscription Agreement, Altera MegaCore Function License 
Agreement, or other applicable license agreement, including, 
without limitation, that your use is for the sole purpose of 
programming logic devices manufactured by Altera and sold by 
Altera or its authorized distributors.  Please refer to the 
applicable agreement for further details.



+------------------------------------------------------------------------------+
; Analysis & Synthesis Summary                                                 ;
+------------------------------------+-----------------------------------------+
; Analysis & Synthesis Status        ; Successful - Thu Jun 18 00:44:36 2020   ;
; Quartus II Version                 ; 9.1 Build 222 10/21/2009 SJ Web Edition ;
; Revision Name                      ; Greedy_Snake                            ;
; Top-level Entity Name              ; Greedy_Snake                            ;
; Family                             ; Cyclone III                             ;
; Total logic elements               ; 490                                     ;
;     Total combinational functions  ; 486                                     ;
;     Dedicated logic registers      ; 263                                     ;
; Total registers                    ; 263                                     ;
; Total pins                         ; 11                                      ;
; Total virtual pins                 ; 0                                       ;
; Total memory bits                  ; 0                                       ;
; Embedded Multiplier 9-bit elements ; 0                                       ;
; Total PLLs                         ; 0                                       ;
+------------------------------------+-----------------------------------------+


+----------------------------------------------------------------------------------------------------------------------+
; Analysis & Synthesis Settings                                                                                        ;
+----------------------------------------------------------------------------+--------------------+--------------------+
; Option                                                                     ; Setting            ; Default Value      ;
+----------------------------------------------------------------------------+--------------------+--------------------+
; Device                                                                     ; EP3C16F484C6       ;                    ;
; Top-level entity name                                                      ; Greedy_Snake       ; Greedy_Snake       ;
; Family name                                                                ; Cyclone III        ; Stratix II         ;
; Use Generated Physical Constraints File                                    ; Off                ;                    ;
; Use smart compilation                                                      ; Off                ; Off                ;
; Enable parallel Assembler and TimeQuest Timing Analyzer during compilation ; On                 ; On                 ;
; Enable compact report table                                                ; Off                ; Off                ;
; Restructure Multiplexers                                                   ; Auto               ; Auto               ;
; Create Debugging Nodes for IP Cores                                        ; Off                ; Off                ;
; Preserve fewer node names                                                  ; On                 ; On                 ;
; Disable OpenCore Plus hardware evaluation                                  ; Off                ; Off                ;
; Verilog Version                                                            ; Verilog_2001       ; Verilog_2001       ;
; VHDL Version                                                               ; VHDL_1993          ; VHDL_1993          ;
; State Machine Processing                                                   ; Auto               ; Auto               ;
; Safe State Machine                                                         ; Off                ; Off                ;
; Extract Verilog State Machines                                             ; On                 ; On                 ;
; Extract VHDL State Machines                                                ; On                 ; On                 ;
; Ignore Verilog initial constructs                                          ; Off                ; Off                ;
; Iteration limit for constant Verilog loops                                 ; 5000               ; 5000               ;
; Iteration limit for non-constant Verilog loops                             ; 250                ; 250                ;
; Add Pass-Through Logic to Inferred RAMs                                    ; On                 ; On                 ;
; Parallel Synthesis                                                         ; On                 ; On                 ;
; DSP Block Balancing                                                        ; Auto               ; Auto               ;
; NOT Gate Push-Back                                                         ; On                 ; On                 ;
; Power-Up Don't Care                                                        ; On                 ; On                 ;
; Remove Redundant Logic Cells                                               ; Off                ; Off                ;
; Remove Duplicate Registers                                                 ; On                 ; On                 ;
; Ignore CARRY Buffers                                                       ; Off                ; Off                ;
; Ignore CASCADE Buffers                                                     ; Off                ; Off                ;
; Ignore GLOBAL Buffers                                                      ; Off                ; Off                ;
; Ignore ROW GLOBAL Buffers                                                  ; Off                ; Off                ;
; Ignore LCELL Buffers                                                       ; Off                ; Off                ;
; Ignore SOFT Buffers                                                        ; On                 ; On                 ;
; Limit AHDL Integers to 32 Bits                                             ; Off                ; Off                ;
; Optimization Technique                                                     ; Balanced           ; Balanced           ;
; Carry Chain Length                                                         ; 70                 ; 70                 ;
; Auto Carry Chains                                                          ; On                 ; On                 ;
; Auto Open-Drain Pins                                                       ; On                 ; On                 ;
; Perform WYSIWYG Primitive Resynthesis                                      ; Off                ; Off                ;
; Auto ROM Replacement                                                       ; On                 ; On                 ;
; Auto RAM Replacement                                                       ; On                 ; On                 ;
; Auto DSP Block Replacement                                                 ; On                 ; On                 ;
; Auto Shift Register Replacement                                            ; Auto               ; Auto               ;
; Auto Clock Enable Replacement                                              ; On                 ; On                 ;
; Strict RAM Replacement                                                     ; Off                ; Off                ;
; Allow Synchronous Control Signals                                          ; On                 ; On                 ;
; Force Use of Synchronous Clear Signals                                     ; Off                ; Off                ;
; Auto RAM Block Balancing                                                   ; On                 ; On                 ;
; Auto RAM to Logic Cell Conversion                                          ; Off                ; Off                ;
; Auto Resource Sharing                                                      ; Off                ; Off                ;
; Allow Any RAM Size For Recognition                                         ; Off                ; Off                ;
; Allow Any ROM Size For Recognition                                         ; Off                ; Off                ;
; Allow Any Shift Register Size For Recognition                              ; Off                ; Off                ;
; Use LogicLock Constraints during Resource Balancing                        ; On                 ; On                 ;
; Ignore translate_off and synthesis_off directives                          ; Off                ; Off                ;
; Timing-Driven Synthesis                                                    ; On                 ; On                 ;
; Show Parameter Settings Tables in Synthesis Report                         ; On                 ; On                 ;
; Ignore Maximum Fan-Out Assignments                                         ; Off                ; Off                ;
; Synchronization Register Chain Length                                      ; 2                  ; 2                  ;
; PowerPlay Power Optimization                                               ; Normal compilation ; Normal compilation ;
; HDL message level                                                          ; Level2             ; Level2             ;
; Suppress Register Optimization Related Messages                            ; Off                ; Off                ;
; Number of Removed Registers Reported in Synthesis Report                   ; 100                ; 100                ;
; Number of Inverted Registers Reported in Synthesis Report                  ; 100                ; 100                ;
; Clock MUX Protection                                                       ; On                 ; On                 ;
; Auto Gated Clock Conversion                                                ; Off                ; Off                ;
; Block Design Naming                                                        ; Auto               ; Auto               ;
; SDC constraint protection                                                  ; Off                ; Off                ;
; Synthesis Effort                                                           ; Auto               ; Auto               ;
; Shift Register Replacement - Allow Asynchronous Clear Signal               ; On                 ; On                 ;
; Analysis & Synthesis Message Level                                         ; Medium             ; Medium             ;
; Disable Register Merging Across Hierarchies                                ; Auto               ; Auto               ;
; Resource Aware Inference For Block RAM                                     ; On                 ; On                 ;
+----------------------------------------------------------------------------+--------------------+--------------------+


Parallel compilation was disabled, but you have multiple processors available. Enable parallel compilation to reduce compilation time.
+-------------------------------------+
; Parallel Compilation                ;
+----------------------------+--------+
; Processors                 ; Number ;
+----------------------------+--------+
; Number detected on machine ; 6      ;
; Maximum allowed            ; 1      ;
+----------------------------+--------+


+----------------------------------------------------------------------------------------------------------------------------------------------------------+
; Analysis & Synthesis Source Files Read                                                                                                                   ;
+----------------------------------+-----------------+------------------------+----------------------------------------------------------------------------+
; File Name with User-Entered Path ; Used in Netlist ; File Type              ; File Name with Absolute Path                                               ;
+----------------------------------+-----------------+------------------------+----------------------------------------------------------------------------+
; src/Game_ctrl_unit.v             ; yes             ; User Verilog HDL File  ; C:/Users/Jeffrey Cheng/OneDrive/桌面/Greedy_Snake/src/Game_ctrl_unit.v     ;
; src/Greedy_Snake.v               ; yes             ; User Verilog HDL File  ; C:/Users/Jeffrey Cheng/OneDrive/桌面/Greedy_Snake/src/Greedy_Snake.v       ;
; src/Key.v                        ; yes             ; User Verilog HDL File  ; C:/Users/Jeffrey Cheng/OneDrive/桌面/Greedy_Snake/src/Key.v                ;
; src/Snake.v                      ; yes             ; User Verilog HDL File  ; C:/Users/Jeffrey Cheng/OneDrive/桌面/Greedy_Snake/src/Snake.v              ;
; src/Snake_eating_apple.v         ; yes             ; User Verilog HDL File  ; C:/Users/Jeffrey Cheng/OneDrive/桌面/Greedy_Snake/src/Snake_eating_apple.v ;
; src/VGA_control.v                ; yes             ; User Verilog HDL File  ; C:/Users/Jeffrey Cheng/OneDrive/桌面/Greedy_Snake/src/VGA_control.v        ;
+----------------------------------+-----------------+------------------------+----------------------------------------------------------------------------+


+---------------------------------------------------------+
; Analysis & Synthesis Resource Usage Summary             ;
+---------------------------------------------+-----------+
; Resource                                    ; Usage     ;
+---------------------------------------------+-----------+
; Estimated Total logic elements              ; 490       ;
;                                             ;           ;
; Total combinational functions               ; 486       ;
; Logic element usage by number of LUT inputs ;           ;
;     -- 4 input functions                    ; 197       ;
;     -- 3 input functions                    ; 39        ;
;     -- <=2 input functions                  ; 250       ;
;                                             ;           ;
; Logic elements by mode                      ;           ;
;     -- normal mode                          ; 291       ;
;     -- arithmetic mode                      ; 195       ;
;                                             ;           ;
; Total registers                             ; 263       ;
;     -- Dedicated logic registers            ; 263       ;
;     -- I/O registers                        ; 0         ;
;                                             ;           ;
; I/O pins                                    ; 11        ;
; Maximum fan-out node                        ; clk~input ;
; Maximum fan-out                             ; 208       ;
; Total fan-out                               ; 2248      ;
; Average fan-out                             ; 2.92      ;
+---------------------------------------------+-----------+


+-----------------------------------------------------------------------------------------------------------------------------------------------------------------------------------------------------+
; Analysis & Synthesis Resource Utilization by Entity                                                                                                                                                 ;
+--------------------------------+-------------------+--------------+-------------+--------------+---------+-----------+------+--------------+-----------------------------------------+--------------+
; Compilation Hierarchy Node     ; LC Combinationals ; LC Registers ; Memory Bits ; DSP Elements ; DSP 9x9 ; DSP 18x18 ; Pins ; Virtual Pins ; Full Hierarchy Name                     ; Library Name ;
+--------------------------------+-------------------+--------------+-------------+--------------+---------+-----------+------+--------------+-----------------------------------------+--------------+
; |Greedy_Snake                  ; 486 (1)           ; 263 (0)      ; 0           ; 0            ; 0       ; 0         ; 11   ; 0            ; |Greedy_Snake                           ; work         ;
;    |Ctrl_unit:ctrl_unit|       ; 87 (87)           ; 35 (35)      ; 0           ; 0            ; 0       ; 0         ; 0    ; 0            ; |Greedy_Snake|Ctrl_unit:ctrl_unit       ;              ;
;    |Eating_apple:eating_apple| ; 94 (94)           ; 54 (54)      ; 0           ; 0            ; 0       ; 0         ; 0    ; 0            ; |Greedy_Snake|Eating_apple:eating_apple ;              ;
;    |Key:key_ctrl|              ; 52 (52)           ; 40 (40)      ; 0           ; 0            ; 0       ; 0         ; 0    ; 0            ; |Greedy_Snake|Key:key_ctrl              ;              ;
;    |Snake:snake_main|          ; 163 (163)         ; 78 (78)      ; 0           ; 0            ; 0       ; 0         ; 0    ; 0            ; |Greedy_Snake|Snake:snake_main          ;              ;
;    |VGA_display:vga_display|   ; 89 (89)           ; 56 (56)      ; 0           ; 0            ; 0       ; 0         ; 0    ; 0            ; |Greedy_Snake|VGA_display:vga_display   ;              ;
+--------------------------------+-------------------+--------------+-------------+--------------+---------+-----------+------+--------------+-----------------------------------------+--------------+
Note: For table entries with two numbers listed, the numbers in parentheses indicate the number of resources of the given type used by the specific entity alone. The numbers listed outside of parentheses indicate the total resources of the given type used by the specific entity and all of its sub-entities in the hierarchy.


Encoding Type:  One-Hot
+-------------------------------------------------------------------------------+
; State Machine - |Greedy_Snake|Snake:snake_main|direct_r                       ;
+----------------+-------------+---------------+---------------+----------------+
; Name           ; direct_r.UP ; direct_r.LEFT ; direct_r.DOWN ; direct_r.RIGHT ;
+----------------+-------------+---------------+---------------+----------------+
; direct_r.RIGHT ; 0           ; 0             ; 0             ; 0              ;
; direct_r.DOWN  ; 0           ; 0             ; 1             ; 1              ;
; direct_r.LEFT  ; 0           ; 1             ; 0             ; 1              ;
; direct_r.UP    ; 1           ; 0             ; 0             ; 1              ;
+----------------+-------------+---------------+---------------+----------------+


+---------------------------------------------------------------------------------------------------------------+
; User-Specified and Inferred Latches                                                                           ;
+----------------------------------------------------+---------------------------------+------------------------+
; Latch Name                                         ; Latch Enable Signal             ; Free of Timing Hazards ;
+----------------------------------------------------+---------------------------------+------------------------+
; Snake:snake_main|snake[0]                          ; VGA_display:vga_display|always1 ; yes                    ;
; Snake:snake_main|snake[1]                          ; VGA_display:vga_display|always1 ; yes                    ;
; Number of user-specified and inferred latches = 2  ;                                 ;                        ;
+----------------------------------------------------+---------------------------------+------------------------+
Note: All latches listed above may not be present at the end of synthesis due to various synthesis optimizations.


+----------------------------------------------------------------------------------+
; Registers Removed During Synthesis                                               ;
+-----------------------------------------+----------------------------------------+
; Register name                           ; Reason for Removal                     ;
+-----------------------------------------+----------------------------------------+
; Snake:snake_main|len[0..6]              ; Lost fanout                            ;
; Snake:snake_main|addcube_state          ; Lost fanout                            ;
; Snake:snake_main|is_exist[3..15]        ; Stuck at GND due to stuck port data_in ;
; Snake:snake_main|is_exist[0..2]         ; Stuck at VCC due to stuck port data_in ;
; Snake:snake_main|cube_y[15][5]          ; Lost fanout                            ;
; Snake:snake_main|cube_y[14][5]          ; Lost fanout                            ;
; Snake:snake_main|cube_y[13][5]          ; Lost fanout                            ;
; Snake:snake_main|cube_y[12][5]          ; Lost fanout                            ;
; Snake:snake_main|cube_y[11][5]          ; Lost fanout                            ;
; Snake:snake_main|cube_y[10][5]          ; Lost fanout                            ;
; Snake:snake_main|cube_y[9][5]           ; Lost fanout                            ;
; Snake:snake_main|cube_y[8][5]           ; Lost fanout                            ;
; Snake:snake_main|cube_y[7][5]           ; Lost fanout                            ;
; Snake:snake_main|cube_y[6][5]           ; Lost fanout                            ;
; Snake:snake_main|cube_y[5][5]           ; Lost fanout                            ;
; Snake:snake_main|cube_y[15][4]          ; Lost fanout                            ;
; Snake:snake_main|cube_y[14][4]          ; Lost fanout                            ;
; Snake:snake_main|cube_y[13][4]          ; Lost fanout                            ;
; Snake:snake_main|cube_y[12][4]          ; Lost fanout                            ;
; Snake:snake_main|cube_y[11][4]          ; Lost fanout                            ;
; Snake:snake_main|cube_y[10][4]          ; Lost fanout                            ;
; Snake:snake_main|cube_y[9][4]           ; Lost fanout                            ;
; Snake:snake_main|cube_y[8][4]           ; Lost fanout                            ;
; Snake:snake_main|cube_y[7][4]           ; Lost fanout                            ;
; Snake:snake_main|cube_y[6][4]           ; Lost fanout                            ;
; Snake:snake_main|cube_y[5][4]           ; Lost fanout                            ;
; Snake:snake_main|cube_y[15][3]          ; Lost fanout                            ;
; Snake:snake_main|cube_y[14][3]          ; Lost fanout                            ;
; Snake:snake_main|cube_y[13][3]          ; Lost fanout                            ;
; Snake:snake_main|cube_y[12][3]          ; Lost fanout                            ;
; Snake:snake_main|cube_y[11][3]          ; Lost fanout                            ;
; Snake:snake_main|cube_y[10][3]          ; Lost fanout                            ;
; Snake:snake_main|cube_y[9][3]           ; Lost fanout                            ;
; Snake:snake_main|cube_y[8][3]           ; Lost fanout                            ;
; Snake:snake_main|cube_y[7][3]           ; Lost fanout                            ;
; Snake:snake_main|cube_y[6][3]           ; Lost fanout                            ;
; Snake:snake_main|cube_y[5][3]           ; Lost fanout                            ;
; Snake:snake_main|cube_y[15][2]          ; Lost fanout                            ;
; Snake:snake_main|cube_y[14][2]          ; Lost fanout                            ;
; Snake:snake_main|cube_y[13][2]          ; Lost fanout                            ;
; Snake:snake_main|cube_y[12][2]          ; Lost fanout                            ;
; Snake:snake_main|cube_y[11][2]          ; Lost fanout                            ;
; Snake:snake_main|cube_y[10][2]          ; Lost fanout                            ;
; Snake:snake_main|cube_y[9][2]           ; Lost fanout                            ;
; Snake:snake_main|cube_y[8][2]           ; Lost fanout                            ;
; Snake:snake_main|cube_y[7][2]           ; Lost fanout                            ;
; Snake:snake_main|cube_y[6][2]           ; Lost fanout                            ;
; Snake:snake_main|cube_y[5][2]           ; Lost fanout                            ;
; Snake:snake_main|cube_y[15][1]          ; Lost fanout                            ;
; Snake:snake_main|cube_y[14][1]          ; Lost fanout                            ;
; Snake:snake_main|cube_y[13][1]          ; Lost fanout                            ;
; Snake:snake_main|cube_y[12][1]          ; Lost fanout                            ;
; Snake:snake_main|cube_y[11][1]          ; Lost fanout                            ;
; Snake:snake_main|cube_y[10][1]          ; Lost fanout                            ;
; Snake:snake_main|cube_y[9][1]           ; Lost fanout                            ;
; Snake:snake_main|cube_y[8][1]           ; Lost fanout                            ;
; Snake:snake_main|cube_y[7][1]           ; Lost fanout                            ;
; Snake:snake_main|cube_y[6][1]           ; Lost fanout                            ;
; Snake:snake_main|cube_y[5][1]           ; Lost fanout                            ;
; Snake:snake_main|cube_y[15][0]          ; Lost fanout                            ;
; Snake:snake_main|cube_y[14][0]          ; Lost fanout                            ;
; Snake:snake_main|cube_y[13][0]          ; Lost fanout                            ;
; Snake:snake_main|cube_y[12][0]          ; Lost fanout                            ;
; Snake:snake_main|cube_y[11][0]          ; Lost fanout                            ;
; Snake:snake_main|cube_y[10][0]          ; Lost fanout                            ;
; Snake:snake_main|cube_y[9][0]           ; Lost fanout                            ;
; Snake:snake_main|cube_y[8][0]           ; Lost fanout                            ;
; Snake:snake_main|cube_y[7][0]           ; Lost fanout                            ;
; Snake:snake_main|cube_y[6][0]           ; Lost fanout                            ;
; Snake:snake_main|cube_y[5][0]           ; Lost fanout                            ;
; Snake:snake_main|cube_x[15][5]          ; Lost fanout                            ;
; Snake:snake_main|cube_x[14][5]          ; Lost fanout                            ;
; Snake:snake_main|cube_x[13][5]          ; Lost fanout                            ;
; Snake:snake_main|cube_x[12][5]          ; Lost fanout                            ;
; Snake:snake_main|cube_x[11][5]          ; Lost fanout                            ;
; Snake:snake_main|cube_x[10][5]          ; Lost fanout                            ;
; Snake:snake_main|cube_x[9][5]           ; Lost fanout                            ;
; Snake:snake_main|cube_x[8][5]           ; Lost fanout                            ;
; Snake:snake_main|cube_x[7][5]           ; Lost fanout                            ;
; Snake:snake_main|cube_x[6][5]           ; Lost fanout                            ;
; Snake:snake_main|cube_x[5][5]           ; Lost fanout                            ;
; Snake:snake_main|cube_x[15][4]          ; Lost fanout                            ;
; Snake:snake_main|cube_x[14][4]          ; Lost fanout                            ;
; Snake:snake_main|cube_x[13][4]          ; Lost fanout                            ;
; Snake:snake_main|cube_x[12][4]          ; Lost fanout                            ;
; Snake:snake_main|cube_x[11][4]          ; Lost fanout                            ;
; Snake:snake_main|cube_x[10][4]          ; Lost fanout                            ;
; Snake:snake_main|cube_x[9][4]           ; Lost fanout                            ;
; Snake:snake_main|cube_x[8][4]           ; Lost fanout                            ;
; Snake:snake_main|cube_x[7][4]           ; Lost fanout                            ;
; Snake:snake_main|cube_x[6][4]           ; Lost fanout                            ;
; Snake:snake_main|cube_x[5][4]           ; Lost fanout                            ;
; Snake:snake_main|cube_x[15][3]          ; Lost fanout                            ;
; Snake:snake_main|cube_x[14][3]          ; Lost fanout                            ;
; Snake:snake_main|cube_x[13][3]          ; Lost fanout                            ;
; Snake:snake_main|cube_x[12][3]          ; Lost fanout                            ;
; Snake:snake_main|cube_x[11][3]          ; Lost fanout                            ;
; Snake:snake_main|cube_x[10][3]          ; Lost fanout                            ;
; Snake:snake_main|cube_x[9][3]           ; Lost fanout                            ;
; Snake:snake_main|cube_x[8][3]           ; Lost fanout                            ;
; Total Number of Removed Registers = 182 ;                                        ;
+-----------------------------------------+----------------------------------------+
* Table truncated at 100 items. To change the number of removed registers reported, set the "Number of Removed Registers Reported" option under Assignments->Settings->Analysis and Synthesis Settings->More Settings


+-----------------------------------------------------------------------------------------------------------------------+
; Removed Registers Triggering Further Register Optimizations                                                           ;
+--------------------------------+--------------------+-----------------------------------------------------------------+
; Register name                  ; Reason for Removal ; Registers Removed due to This Register                          ;
+--------------------------------+--------------------+-----------------------------------------------------------------+
; Snake:snake_main|cube_y[15][5] ; Lost Fanouts       ; Snake:snake_main|cube_y[14][5], Snake:snake_main|cube_y[13][5], ;
;                                ;                    ; Snake:snake_main|cube_y[12][5], Snake:snake_main|cube_y[11][5], ;
;                                ;                    ; Snake:snake_main|cube_y[10][5], Snake:snake_main|cube_y[9][5],  ;
;                                ;                    ; Snake:snake_main|cube_y[8][5], Snake:snake_main|cube_y[7][5],   ;
;                                ;                    ; Snake:snake_main|cube_y[6][5], Snake:snake_main|cube_y[5][5],   ;
;                                ;                    ; Snake:snake_main|cube_y[4][5], Snake:snake_main|cube_y[3][5]    ;
; Snake:snake_main|cube_y[15][4] ; Lost Fanouts       ; Snake:snake_main|cube_y[14][4], Snake:snake_main|cube_y[13][4], ;
;                                ;                    ; Snake:snake_main|cube_y[12][4], Snake:snake_main|cube_y[11][4], ;
;                                ;                    ; Snake:snake_main|cube_y[10][4], Snake:snake_main|cube_y[9][4],  ;
;                                ;                    ; Snake:snake_main|cube_y[8][4], Snake:snake_main|cube_y[7][4],   ;
;                                ;                    ; Snake:snake_main|cube_y[6][4], Snake:snake_main|cube_y[5][4],   ;
;                                ;                    ; Snake:snake_main|cube_y[4][4], Snake:snake_main|cube_y[3][4]    ;
; Snake:snake_main|cube_y[15][3] ; Lost Fanouts       ; Snake:snake_main|cube_y[14][3], Snake:snake_main|cube_y[13][3], ;
;                                ;                    ; Snake:snake_main|cube_y[12][3], Snake:snake_main|cube_y[11][3], ;
;                                ;                    ; Snake:snake_main|cube_y[10][3], Snake:snake_main|cube_y[9][3],  ;
;                                ;                    ; Snake:snake_main|cube_y[8][3], Snake:snake_main|cube_y[7][3],   ;
;                                ;                    ; Snake:snake_main|cube_y[6][3], Snake:snake_main|cube_y[5][3],   ;
;                                ;                    ; Snake:snake_main|cube_y[4][3], Snake:snake_main|cube_y[3][3]    ;
; Snake:snake_main|cube_y[15][2] ; Lost Fanouts       ; Snake:snake_main|cube_y[14][2], Snake:snake_main|cube_y[13][2], ;
;                                ;                    ; Snake:snake_main|cube_y[12][2], Snake:snake_main|cube_y[11][2], ;
;                                ;                    ; Snake:snake_main|cube_y[10][2], Snake:snake_main|cube_y[9][2],  ;
;                                ;                    ; Snake:snake_main|cube_y[8][2], Snake:snake_main|cube_y[7][2],   ;
;                                ;                    ; Snake:snake_main|cube_y[6][2], Snake:snake_main|cube_y[5][2],   ;
;                                ;                    ; Snake:snake_main|cube_y[4][2], Snake:snake_main|cube_y[3][2]    ;
; Snake:snake_main|cube_y[15][1] ; Lost Fanouts       ; Snake:snake_main|cube_y[14][1], Snake:snake_main|cube_y[13][1], ;
;                                ;                    ; Snake:snake_main|cube_y[12][1], Snake:snake_main|cube_y[11][1], ;
;                                ;                    ; Snake:snake_main|cube_y[10][1], Snake:snake_main|cube_y[9][1],  ;
;                                ;                    ; Snake:snake_main|cube_y[8][1], Snake:snake_main|cube_y[7][1],   ;
;                                ;                    ; Snake:snake_main|cube_y[6][1], Snake:snake_main|cube_y[5][1],   ;
;                                ;                    ; Snake:snake_main|cube_y[4][1], Snake:snake_main|cube_y[3][1]    ;
; Snake:snake_main|cube_y[15][0] ; Lost Fanouts       ; Snake:snake_main|cube_y[14][0], Snake:snake_main|cube_y[13][0], ;
;                                ;                    ; Snake:snake_main|cube_y[12][0], Snake:snake_main|cube_y[11][0], ;
;                                ;                    ; Snake:snake_main|cube_y[10][0], Snake:snake_main|cube_y[9][0],  ;
;                                ;                    ; Snake:snake_main|cube_y[8][0], Snake:snake_main|cube_y[7][0],   ;
;                                ;                    ; Snake:snake_main|cube_y[6][0], Snake:snake_main|cube_y[5][0],   ;
;                                ;                    ; Snake:snake_main|cube_y[4][0], Snake:snake_main|cube_y[3][0]    ;
; Snake:snake_main|cube_x[15][5] ; Lost Fanouts       ; Snake:snake_main|cube_x[14][5], Snake:snake_main|cube_x[13][5], ;
;                                ;                    ; Snake:snake_main|cube_x[12][5], Snake:snake_main|cube_x[11][5], ;
;                                ;                    ; Snake:snake_main|cube_x[10][5], Snake:snake_main|cube_x[9][5],  ;
;                                ;                    ; Snake:snake_main|cube_x[8][5], Snake:snake_main|cube_x[7][5],   ;
;                                ;                    ; Snake:snake_main|cube_x[6][5], Snake:snake_main|cube_x[5][5],   ;
;                                ;                    ; Snake:snake_main|cube_x[4][5], Snake:snake_main|cube_x[3][5]    ;
; Snake:snake_main|cube_x[15][4] ; Lost Fanouts       ; Snake:snake_main|cube_x[14][4], Snake:snake_main|cube_x[13][4], ;
;                                ;                    ; Snake:snake_main|cube_x[12][4], Snake:snake_main|cube_x[11][4], ;
;                                ;                    ; Snake:snake_main|cube_x[10][4], Snake:snake_main|cube_x[9][4],  ;
;                                ;                    ; Snake:snake_main|cube_x[8][4], Snake:snake_main|cube_x[7][4],   ;
;                                ;                    ; Snake:snake_main|cube_x[6][4], Snake:snake_main|cube_x[5][4],   ;
;                                ;                    ; Snake:snake_main|cube_x[4][4], Snake:snake_main|cube_x[3][4]    ;
; Snake:snake_main|cube_x[15][3] ; Lost Fanouts       ; Snake:snake_main|cube_x[14][3], Snake:snake_main|cube_x[13][3], ;
;                                ;                    ; Snake:snake_main|cube_x[12][3], Snake:snake_main|cube_x[11][3], ;
;                                ;                    ; Snake:snake_main|cube_x[10][3], Snake:snake_main|cube_x[9][3],  ;
;                                ;                    ; Snake:snake_main|cube_x[8][3], Snake:snake_main|cube_x[7][3],   ;
;                                ;                    ; Snake:snake_main|cube_x[6][3], Snake:snake_main|cube_x[5][3],   ;
;                                ;                    ; Snake:snake_main|cube_x[4][3], Snake:snake_main|cube_x[3][3]    ;
; Snake:snake_main|cube_x[15][2] ; Lost Fanouts       ; Snake:snake_main|cube_x[14][2], Snake:snake_main|cube_x[13][2], ;
;                                ;                    ; Snake:snake_main|cube_x[12][2], Snake:snake_main|cube_x[11][2], ;
;                                ;                    ; Snake:snake_main|cube_x[10][2], Snake:snake_main|cube_x[9][2],  ;
;                                ;                    ; Snake:snake_main|cube_x[8][2], Snake:snake_main|cube_x[7][2],   ;
;                                ;                    ; Snake:snake_main|cube_x[6][2], Snake:snake_main|cube_x[5][2],   ;
;                                ;                    ; Snake:snake_main|cube_x[4][2], Snake:snake_main|cube_x[3][2]    ;
; Snake:snake_main|cube_x[15][1] ; Lost Fanouts       ; Snake:snake_main|cube_x[14][1], Snake:snake_main|cube_x[13][1], ;
;                                ;                    ; Snake:snake_main|cube_x[12][1], Snake:snake_main|cube_x[11][1], ;
;                                ;                    ; Snake:snake_main|cube_x[10][1], Snake:snake_main|cube_x[9][1],  ;
;                                ;                    ; Snake:snake_main|cube_x[8][1], Snake:snake_main|cube_x[7][1],   ;
;                                ;                    ; Snake:snake_main|cube_x[6][1], Snake:snake_main|cube_x[5][1],   ;
;                                ;                    ; Snake:snake_main|cube_x[4][1], Snake:snake_main|cube_x[3][1]    ;
; Snake:snake_main|cube_x[15][0] ; Lost Fanouts       ; Snake:snake_main|cube_x[14][0], Snake:snake_main|cube_x[13][0], ;
;                                ;                    ; Snake:snake_main|cube_x[12][0], Snake:snake_main|cube_x[11][0], ;
;                                ;                    ; Snake:snake_main|cube_x[10][0], Snake:snake_main|cube_x[9][0],  ;
;                                ;                    ; Snake:snake_main|cube_x[8][0], Snake:snake_main|cube_x[7][0],   ;
;                                ;                    ; Snake:snake_main|cube_x[6][0], Snake:snake_main|cube_x[5][0],   ;
;                                ;                    ; Snake:snake_main|cube_x[4][0], Snake:snake_main|cube_x[3][0]    ;
+--------------------------------+--------------------+-----------------------------------------------------------------+


+------------------------------------------------------+
; General Register Statistics                          ;
+----------------------------------------------+-------+
; Statistic                                    ; Value ;
+----------------------------------------------+-------+
; Total registers                              ; 263   ;
; Number of registers using Synchronous Clear  ; 175   ;
; Number of registers using Synchronous Load   ; 20    ;
; Number of registers using Asynchronous Clear ; 0     ;
; Number of registers using Asynchronous Load  ; 0     ;
; Number of registers using Clock Enable       ; 115   ;
; Number of registers using Preset             ; 0     ;
+----------------------------------------------+-------+


+-------------------------------------------------------------------------------------------------------------------------------------------------------------------+
; Multiplexer Restructuring Statistics (Restructuring Performed)                                                                                                    ;
+--------------------+-----------+---------------+----------------------+------------------------+------------+-----------------------------------------------------+
; Multiplexer Inputs ; Bus Width ; Baseline Area ; Area if Restructured ; Saving if Restructured ; Registered ; Example Multiplexer Output                          ;
+--------------------+-----------+---------------+----------------------+------------------------+------------+-----------------------------------------------------+
; 3:1                ; 2 bits    ; 4 LEs         ; 2 LEs                ; 2 LEs                  ; Yes        ; |Greedy_Snake|VGA_display:vga_display|RGB[1]        ;
; 3:1                ; 32 bits   ; 64 LEs        ; 32 LEs               ; 32 LEs                 ; Yes        ; |Greedy_Snake|Eating_apple:eating_apple|clk_cnt[29] ;
; 3:1                ; 3 bits    ; 6 LEs         ; 3 LEs                ; 3 LEs                  ; Yes        ; |Greedy_Snake|Key:key_ctrl|up_key_last              ;
; 3:1                ; 32 bits   ; 64 LEs        ; 32 LEs               ; 32 LEs                 ; Yes        ; |Greedy_Snake|Key:key_ctrl|clk_cnt[12]              ;
; 3:1                ; 32 bits   ; 64 LEs        ; 32 LEs               ; 32 LEs                 ; Yes        ; |Greedy_Snake|Snake:snake_main|cnt[20]              ;
; 5:1                ; 20 bits   ; 60 LEs        ; 20 LEs               ; 40 LEs                 ; Yes        ; |Greedy_Snake|VGA_display:vga_display|clk_cnt[11]   ;
; 6:1                ; 6 bits    ; 24 LEs        ; 12 LEs               ; 12 LEs                 ; Yes        ; |Greedy_Snake|Eating_apple:eating_apple|apple_x[3]  ;
; 6:1                ; 5 bits    ; 20 LEs        ; 10 LEs               ; 10 LEs                 ; Yes        ; |Greedy_Snake|Eating_apple:eating_apple|apple_y[0]  ;
; 6:1                ; 24 bits   ; 96 LEs        ; 24 LEs               ; 72 LEs                 ; Yes        ; |Greedy_Snake|Snake:snake_main|cube_y[1][0]         ;
; 7:1                ; 32 bits   ; 128 LEs       ; 32 LEs               ; 96 LEs                 ; Yes        ; |Greedy_Snake|Ctrl_unit:ctrl_unit|clk_cnt[18]       ;
; 5:1                ; 10 bits   ; 30 LEs        ; 10 LEs               ; 20 LEs                 ; Yes        ; |Greedy_Snake|VGA_display:vga_display|line_cnt[5]   ;
; 9:1                ; 6 bits    ; 36 LEs        ; 6 LEs                ; 30 LEs                 ; Yes        ; |Greedy_Snake|Snake:snake_main|cube_x[0][3]         ;
; 9:1                ; 6 bits    ; 36 LEs        ; 6 LEs                ; 30 LEs                 ; Yes        ; |Greedy_Snake|Snake:snake_main|cube_y[0][5]         ;
+--------------------+-----------+---------------+----------------------+------------------------+------------+-----------------------------------------------------+


+----------------------------------------------------------------------------------------------------------------+
; Port Connectivity Checks: "Snake:snake_main"                                                                   ;
+------+--------+----------+-------------------------------------------------------------------------------------+
; Port ; Type   ; Severity ; Details                                                                             ;
+------+--------+----------+-------------------------------------------------------------------------------------+
; len  ; Output ; Info     ; Connected to dangling logic. Logic that only feeds a dangling port will be removed. ;
+------+--------+----------+-------------------------------------------------------------------------------------+


+-------------------------------------------------------------------------------------------------------------------+
; Port Connectivity Checks: "Ctrl_unit:ctrl_unit"                                                                   ;
+---------+--------+----------+-------------------------------------------------------------------------------------+
; Port    ; Type   ; Severity ; Details                                                                             ;
+---------+--------+----------+-------------------------------------------------------------------------------------+
; restart ; Output ; Info     ; Connected to dangling logic. Logic that only feeds a dangling port will be removed. ;
+---------+--------+----------+-------------------------------------------------------------------------------------+


+-------------------------------+
; Analysis & Synthesis Messages ;
+-------------------------------+
Info: *******************************************************************
Info: Running Quartus II Analysis & Synthesis
    Info: Version 9.1 Build 222 10/21/2009 SJ Web Edition
    Info: Processing started: Thu Jun 18 00:44:33 2020
Info: Command: quartus_map --read_settings_files=on --write_settings_files=off Greedy_Snake -c Greedy_Snake
Info: Found 1 design units, including 1 entities, in source file src/game_ctrl_unit.v
    Info: Found entity 1: Ctrl_unit
Info: Found 1 design units, including 1 entities, in source file src/greedy_snake.v
    Info: Found entity 1: Greedy_Snake
Info: Found 1 design units, including 1 entities, in source file src/key.v
    Info: Found entity 1: Key
Info: Found 1 design units, including 1 entities, in source file src/snake.v
    Info: Found entity 1: Snake
Info: Found 1 design units, including 1 entities, in source file src/snake_eating_apple.v
    Info: Found entity 1: Eating_apple
Info: Found 1 design units, including 1 entities, in source file src/vga_control.v
    Info: Found entity 1: VGA_display
Info: Elaborating entity "Greedy_Snake" for the top level hierarchy
Info: Elaborating entity "Ctrl_unit" for hierarchy "Ctrl_unit:ctrl_unit"
Info: Elaborating entity "Snake" for hierarchy "Snake:snake_main"
Warning (10230): Verilog HDL assignment warning at Snake.v(134): truncated value with size 32 to match size of target (6)
Warning (10230): Verilog HDL assignment warning at Snake.v(141): truncated value with size 32 to match size of target (6)
Warning (10230): Verilog HDL assignment warning at Snake.v(148): truncated value with size 32 to match size of target (6)
Warning (10230): Verilog HDL assignment warning at Snake.v(155): truncated value with size 32 to match size of target (6)
Warning (10230): Verilog HDL assignment warning at Snake.v(241): truncated value with size 32 to match size of target (7)
Warning (10235): Verilog HDL Always Construct warning at Snake.v(262): variable "is_exist" is read inside the Always Construct but isn't in the Always Construct's Event Control
Warning (10235): Verilog HDL Always Construct warning at Snake.v(263): variable "die_flash" is read inside the Always Construct but isn't in the Always Construct's Event Control
Warning (10235): Verilog HDL Always Construct warning at Snake.v(265): variable "is_exist" is read inside the Always Construct but isn't in the Always Construct's Event Control
Warning (10235): Verilog HDL Always Construct warning at Snake.v(266): variable "is_exist" is read inside the Always Construct but isn't in the Always Construct's Event Control
Warning (10235): Verilog HDL Always Construct warning at Snake.v(267): variable "is_exist" is read inside the Always Construct but isn't in the Always Construct's Event Control
Warning (10235): Verilog HDL Always Construct warning at Snake.v(268): variable "is_exist" is read inside the Always Construct but isn't in the Always Construct's Event Control
Warning (10235): Verilog HDL Always Construct warning at Snake.v(269): variable "is_exist" is read inside the Always Construct but isn't in the Always Construct's Event Control
Warning (10235): Verilog HDL Always Construct warning at Snake.v(270): variable "is_exist" is read inside the Always Construct but isn't in the Always Construct's Event Control
Warning (10235): Verilog HDL Always Construct warning at Snake.v(271): variable "is_exist" is read inside the Always Construct but isn't in the Always Construct's Event Control
Warning (10235): Verilog HDL Always Construct warning at Snake.v(272): variable "is_exist" is read inside the Always Construct but isn't in the Always Construct's Event Control
Warning (10235): Verilog HDL Always Construct warning at Snake.v(273): variable "is_exist" is read inside the Always Construct but isn't in the Always Construct's Event Control
Warning (10235): Verilog HDL Always Construct warning at Snake.v(274): variable "is_exist" is read inside the Always Construct but isn't in the Always Construct's Event Control
Warning (10235): Verilog HDL Always Construct warning at Snake.v(275): variable "is_exist" is read inside the Always Construct but isn't in the Always Construct's Event Control
Warning (10235): Verilog HDL Always Construct warning at Snake.v(276): variable "is_exist" is read inside the Always Construct but isn't in the Always Construct's Event Control
Warning (10235): Verilog HDL Always Construct warning at Snake.v(277): variable "is_exist" is read inside the Always Construct but isn't in the Always Construct's Event Control
Warning (10235): Verilog HDL Always Construct warning at Snake.v(278): variable "is_exist" is read inside the Always Construct but isn't in the Always Construct's Event Control
Warning (10235): Verilog HDL Always Construct warning at Snake.v(279): variable "is_exist" is read inside the Always Construct but isn't in the Always Construct's Event Control
Warning (10235): Verilog HDL Always Construct warning at Snake.v(280): variable "die_flash" is read inside the Always Construct but isn't in the Always Construct's Event Control
Warning (10240): Verilog HDL Always Construct warning at Snake.v(258): inferring latch(es) for variable "snake", which holds its previous value in one or more paths through the always construct
Info (10041): Inferred latch for "snake[0]" at Snake.v(259)
Info (10041): Inferred latch for "snake[1]" at Snake.v(259)
Info: Elaborating entity "Eating_apple" for hierarchy "Eating_apple:eating_apple"
Warning (10036): Verilog HDL or VHDL warning at Snake_eating_apple.v(12): object "inc_len" assigned a value but never read
Warning (10230): Verilog HDL assignment warning at Snake_eating_apple.v(17): truncated value with size 32 to match size of target (11)
Warning (10230): Verilog HDL assignment warning at Snake_eating_apple.v(33): truncated value with size 32 to match size of target (6)
Warning (10230): Verilog HDL assignment warning at Snake_eating_apple.v(34): truncated value with size 32 to match size of target (5)
Info: Elaborating entity "Key" for hierarchy "Key:key_ctrl"
Info: Elaborating entity "VGA_display" for hierarchy "VGA_display:vga_display"
Warning (10230): Verilog HDL assignment warning at VGA_control.v(40): truncated value with size 32 to match size of target (10)
Warning (10230): Verilog HDL assignment warning at VGA_control.v(41): truncated value with size 32 to match size of target (10)
Warning (10230): Verilog HDL assignment warning at VGA_control.v(45): truncated value with size 32 to match size of target (20)
Warning (10230): Verilog HDL assignment warning at VGA_control.v(50): truncated value with size 32 to match size of target (20)
Warning (10230): Verilog HDL assignment warning at VGA_control.v(55): truncated value with size 32 to match size of target (10)
Warning (10230): Verilog HDL assignment warning at VGA_control.v(59): truncated value with size 32 to match size of target (20)
Warning: Latch Snake:snake_main|snake[0] has unsafe behavior
    Warning: Ports D and ENA on the latch are fed by the same signal VGA_display:vga_display|x_pos[7]
Warning: Latch Snake:snake_main|snake[1] has unsafe behavior
    Warning: Ports D and ENA on the latch are fed by the same signal VGA_display:vga_display|x_pos[7]
Info: Timing-Driven Synthesis is running
Info: 166 registers lost all their fanouts during netlist optimizations. The first 100 are displayed below.
    Info: Register "Snake:snake_main|len[6]" lost all its fanouts during netlist optimizations.
    Info: Register "Snake:snake_main|len[5]" lost all its fanouts during netlist optimizations.
    Info: Register "Snake:snake_main|len[4]" lost all its fanouts during netlist optimizations.
    Info: Register "Snake:snake_main|len[3]" lost all its fanouts during netlist optimizations.
    Info: Register "Snake:snake_main|len[2]" lost all its fanouts during netlist optimizations.
    Info: Register "Snake:snake_main|len[1]" lost all its fanouts during netlist optimizations.
    Info: Register "Snake:snake_main|len[0]" lost all its fanouts during netlist optimizations.
    Info: Register "Snake:snake_main|addcube_state" lost all its fanouts during netlist optimizations.
    Info: Register "Snake:snake_main|cube_y[15][5]" lost all its fanouts during netlist optimizations.
    Info: Register "Snake:snake_main|cube_y[14][5]" lost all its fanouts during netlist optimizations.
    Info: Register "Snake:snake_main|cube_y[13][5]" lost all its fanouts during netlist optimizations.
    Info: Register "Snake:snake_main|cube_y[12][5]" lost all its fanouts during netlist optimizations.
    Info: Register "Snake:snake_main|cube_y[11][5]" lost all its fanouts during netlist optimizations.
    Info: Register "Snake:snake_main|cube_y[10][5]" lost all its fanouts during netlist optimizations.
    Info: Register "Snake:snake_main|cube_y[9][5]" lost all its fanouts during netlist optimizations.
    Info: Register "Snake:snake_main|cube_y[8][5]" lost all its fanouts during netlist optimizations.
    Info: Register "Snake:snake_main|cube_y[7][5]" lost all its fanouts during netlist optimizations.
    Info: Register "Snake:snake_main|cube_y[6][5]" lost all its fanouts during netlist optimizations.
    Info: Register "Snake:snake_main|cube_y[5][5]" lost all its fanouts during netlist optimizations.
    Info: Register "Snake:snake_main|cube_y[15][4]" lost all its fanouts during netlist optimizations.
    Info: Register "Snake:snake_main|cube_y[14][4]" lost all its fanouts during netlist optimizations.
    Info: Register "Snake:snake_main|cube_y[13][4]" lost all its fanouts during netlist optimizations.
    Info: Register "Snake:snake_main|cube_y[12][4]" lost all its fanouts during netlist optimizations.
    Info: Register "Snake:snake_main|cube_y[11][4]" lost all its fanouts during netlist optimizations.
    Info: Register "Snake:snake_main|cube_y[10][4]" lost all its fanouts during netlist optimizations.
    Info: Register "Snake:snake_main|cube_y[9][4]" lost all its fanouts during netlist optimizations.
    Info: Register "Snake:snake_main|cube_y[8][4]" lost all its fanouts during netlist optimizations.
    Info: Register "Snake:snake_main|cube_y[7][4]" lost all its fanouts during netlist optimizations.
    Info: Register "Snake:snake_main|cube_y[6][4]" lost all its fanouts during netlist optimizations.
    Info: Register "Snake:snake_main|cube_y[5][4]" lost all its fanouts during netlist optimizations.
    Info: Register "Snake:snake_main|cube_y[15][3]" lost all its fanouts during netlist optimizations.
    Info: Register "Snake:snake_main|cube_y[14][3]" lost all its fanouts during netlist optimizations.
    Info: Register "Snake:snake_main|cube_y[13][3]" lost all its fanouts during netlist optimizations.
    Info: Register "Snake:snake_main|cube_y[12][3]" lost all its fanouts during netlist optimizations.
    Info: Register "Snake:snake_main|cube_y[11][3]" lost all its fanouts during netlist optimizations.
    Info: Register "Snake:snake_main|cube_y[10][3]" lost all its fanouts during netlist optimizations.
    Info: Register "Snake:snake_main|cube_y[9][3]" lost all its fanouts during netlist optimizations.
    Info: Register "Snake:snake_main|cube_y[8][3]" lost all its fanouts during netlist optimizations.
    Info: Register "Snake:snake_main|cube_y[7][3]" lost all its fanouts during netlist optimizations.
    Info: Register "Snake:snake_main|cube_y[6][3]" lost all its fanouts during netlist optimizations.
    Info: Register "Snake:snake_main|cube_y[5][3]" lost all its fanouts during netlist optimizations.
    Info: Register "Snake:snake_main|cube_y[15][2]" lost all its fanouts during netlist optimizations.
    Info: Register "Snake:snake_main|cube_y[14][2]" lost all its fanouts during netlist optimizations.
    Info: Register "Snake:snake_main|cube_y[13][2]" lost all its fanouts during netlist optimizations.
    Info: Register "Snake:snake_main|cube_y[12][2]" lost all its fanouts during netlist optimizations.
    Info: Register "Snake:snake_main|cube_y[11][2]" lost all its fanouts during netlist optimizations.
    Info: Register "Snake:snake_main|cube_y[10][2]" lost all its fanouts during netlist optimizations.
    Info: Register "Snake:snake_main|cube_y[9][2]" lost all its fanouts during netlist optimizations.
    Info: Register "Snake:snake_main|cube_y[8][2]" lost all its fanouts during netlist optimizations.
    Info: Register "Snake:snake_main|cube_y[7][2]" lost all its fanouts during netlist optimizations.
    Info: Register "Snake:snake_main|cube_y[6][2]" lost all its fanouts during netlist optimizations.
    Info: Register "Snake:snake_main|cube_y[5][2]" lost all its fanouts during netlist optimizations.
    Info: Register "Snake:snake_main|cube_y[15][1]" lost all its fanouts during netlist optimizations.
    Info: Register "Snake:snake_main|cube_y[14][1]" lost all its fanouts during netlist optimizations.
    Info: Register "Snake:snake_main|cube_y[13][1]" lost all its fanouts during netlist optimizations.
    Info: Register "Snake:snake_main|cube_y[12][1]" lost all its fanouts during netlist optimizations.
    Info: Register "Snake:snake_main|cube_y[11][1]" lost all its fanouts during netlist optimizations.
    Info: Register "Snake:snake_main|cube_y[10][1]" lost all its fanouts during netlist optimizations.
    Info: Register "Snake:snake_main|cube_y[9][1]" lost all its fanouts during netlist optimizations.
    Info: Register "Snake:snake_main|cube_y[8][1]" lost all its fanouts during netlist optimizations.
    Info: Register "Snake:snake_main|cube_y[7][1]" lost all its fanouts during netlist optimizations.
    Info: Register "Snake:snake_main|cube_y[6][1]" lost all its fanouts during netlist optimizations.
    Info: Register "Snake:snake_main|cube_y[5][1]" lost all its fanouts during netlist optimizations.
    Info: Register "Snake:snake_main|cube_y[15][0]" lost all its fanouts during netlist optimizations.
    Info: Register "Snake:snake_main|cube_y[14][0]" lost all its fanouts during netlist optimizations.
    Info: Register "Snake:snake_main|cube_y[13][0]" lost all its fanouts during netlist optimizations.
    Info: Register "Snake:snake_main|cube_y[12][0]" lost all its fanouts during netlist optimizations.
    Info: Register "Snake:snake_main|cube_y[11][0]" lost all its fanouts during netlist optimizations.
    Info: Register "Snake:snake_main|cube_y[10][0]" lost all its fanouts during netlist optimizations.
    Info: Register "Snake:snake_main|cube_y[9][0]" lost all its fanouts during netlist optimizations.
    Info: Register "Snake:snake_main|cube_y[8][0]" lost all its fanouts during netlist optimizations.
    Info: Register "Snake:snake_main|cube_y[7][0]" lost all its fanouts during netlist optimizations.
    Info: Register "Snake:snake_main|cube_y[6][0]" lost all its fanouts during netlist optimizations.
    Info: Register "Snake:snake_main|cube_y[5][0]" lost all its fanouts during netlist optimizations.
    Info: Register "Snake:snake_main|cube_x[15][5]" lost all its fanouts during netlist optimizations.
    Info: Register "Snake:snake_main|cube_x[14][5]" lost all its fanouts during netlist optimizations.
    Info: Register "Snake:snake_main|cube_x[13][5]" lost all its fanouts during netlist optimizations.
    Info: Register "Snake:snake_main|cube_x[12][5]" lost all its fanouts during netlist optimizations.
    Info: Register "Snake:snake_main|cube_x[11][5]" lost all its fanouts during netlist optimizations.
    Info: Register "Snake:snake_main|cube_x[10][5]" lost all its fanouts during netlist optimizations.
    Info: Register "Snake:snake_main|cube_x[9][5]" lost all its fanouts during netlist optimizations.
    Info: Register "Snake:snake_main|cube_x[8][5]" lost all its fanouts during netlist optimizations.
    Info: Register "Snake:snake_main|cube_x[7][5]" lost all its fanouts during netlist optimizations.
    Info: Register "Snake:snake_main|cube_x[6][5]" lost all its fanouts during netlist optimizations.
    Info: Register "Snake:snake_main|cube_x[5][5]" lost all its fanouts during netlist optimizations.
    Info: Register "Snake:snake_main|cube_x[15][4]" lost all its fanouts during netlist optimizations.
    Info: Register "Snake:snake_main|cube_x[14][4]" lost all its fanouts during netlist optimizations.
    Info: Register "Snake:snake_main|cube_x[13][4]" lost all its fanouts during netlist optimizations.
    Info: Register "Snake:snake_main|cube_x[12][4]" lost all its fanouts during netlist optimizations.
    Info: Register "Snake:snake_main|cube_x[11][4]" lost all its fanouts during netlist optimizations.
    Info: Register "Snake:snake_main|cube_x[10][4]" lost all its fanouts during netlist optimizations.
    Info: Register "Snake:snake_main|cube_x[9][4]" lost all its fanouts during netlist optimizations.
    Info: Register "Snake:snake_main|cube_x[8][4]" lost all its fanouts during netlist optimizations.
    Info: Register "Snake:snake_main|cube_x[7][4]" lost all its fanouts during netlist optimizations.
    Info: Register "Snake:snake_main|cube_x[6][4]" lost all its fanouts during netlist optimizations.
    Info: Register "Snake:snake_main|cube_x[5][4]" lost all its fanouts during netlist optimizations.
    Info: Register "Snake:snake_main|cube_x[15][3]" lost all its fanouts during netlist optimizations.
    Info: Register "Snake:snake_main|cube_x[14][3]" lost all its fanouts during netlist optimizations.
    Info: Register "Snake:snake_main|cube_x[13][3]" lost all its fanouts during netlist optimizations.
    Info: Register "Snake:snake_main|cube_x[12][3]" lost all its fanouts during netlist optimizations.
    Info: List truncated at 100 items
Info: Generated suppressed messages file C:/Users/Jeffrey Cheng/OneDrive/桌面/Greedy_Snake/Greedy_Snake.map.smsg
Info: Implemented 501 device resources after synthesis - the final resource count might be different
    Info: Implemented 6 input pins
    Info: Implemented 5 output pins
    Info: Implemented 490 logic cells
Info: Quartus II Analysis & Synthesis was successful. 0 errors, 38 warnings
    Info: Peak virtual memory: 237 megabytes
    Info: Processing ended: Thu Jun 18 00:44:36 2020
    Info: Elapsed time: 00:00:03
    Info: Total CPU time (on all processors): 00:00:03


+------------------------------------------+
; Analysis & Synthesis Suppressed Messages ;
+------------------------------------------+
The suppressed messages can be found in C:/Users/Jeffrey Cheng/OneDrive/桌面/Greedy_Snake/Greedy_Snake.map.smsg.


